components/call/CallOverlay.tsx(22,27): error TS2554: Expected 1 arguments, but got 0.
middleware.ts(1,10): error TS2305: Module '"@supabase/auth-helpers-nextjs"' has no exported member 'createMiddlewareClient'.
